// Jest Snapshot v1, https://goo.gl/fbAQLP

exports[`<Page01 /> Should render and match the snapshot 1`] = `ShallowWrapper {}`;
